Started by user [8mha:////4EFCrZlXM0+7WV3QCMJM/N6BhivS3nNQnezWKeIHJNu4AAAAnB+LCAAAAAAAAP9b85aBtbiIQTGjNKU4P08vOT+vOD8nVc83PyU1x6OyILUoJzMv2y+/JJUBAhiZGBgqihhk0NSjKDWzXb3RdlLBUSYGJk8GtpzUvPSSDB8G5tKinBIGIZ+sxLJE/ZzEvHT94JKizLx0a6BxUmjGOUNodHsLgAzBEgYB/dLi1CL9nNTi5IzMvOLsSgAWQLGXxQAAAA==[0mSergey Leschinsky
Running as SYSTEM
Building in workspace /var/jenkins_home/workspace/CI-CD-DailyShiba
The recommended git tool is: NONE
using credential fc51b632-51c1-4bd9-a00c-54689bcba68d
 > git rev-parse --resolve-git-dir /var/jenkins_home/workspace/CI-CD-DailyShiba/.git # timeout=10
Fetching changes from the remote Git repository
 > git config remote.origin.url https://github.com/Leschnitzky/SergeyPortfolioApp # timeout=10
Fetching upstream changes from https://github.com/Leschnitzky/SergeyPortfolioApp
 > git --version # timeout=10
 > git --version # 'git version 2.20.1'
using GIT_ASKPASS to set credentials 
 > git fetch --tags --force --progress -- https://github.com/Leschnitzky/SergeyPortfolioApp +refs/heads/*:refs/remotes/origin/* # timeout=10
 > git rev-parse refs/remotes/origin/development^{commit} # timeout=10
Checking out Revision 873d704f1eccc03c07c0570b89bc5b92b4ffca98 (refs/remotes/origin/development)
 > git config core.sparsecheckout # timeout=10
 > git checkout -f 873d704f1eccc03c07c0570b89bc5b92b4ffca98 # timeout=10
Commit message: "Test"
 > git rev-list --no-walk 873d704f1eccc03c07c0570b89bc5b92b4ffca98 # timeout=10
$ /opt/android-sdk-linux/tools/bin/avdmanager list target
[android] The configured Android platform needs to be installed: android-28
$ /opt/android-sdk-linux/tools/bin/avdmanager list target
$ /opt/android-sdk-linux/tools/bin/avdmanager list target
[android] Installing the 'platform-tools,android-28' SDK component(s)...
$ /opt/android-sdk-linux/tools/bin/sdkmanager --sdk_root=/opt/android-sdk-linux platform-tools platforms;android-28
Loading package information...                                                  
Loading local repository...                                                     
[                                       ] 3% Loading local repository...        
[                                       ] 3% Fetch remote repository...         
[=                                      ] 3% Fetch remote repository...         
[=                                      ] 4% Fetch remote repository...         
[=                                      ] 5% Fetch remote repository...         
[==                                     ] 5% Fetch remote repository...         
[==                                     ] 6% Fetch remote repository...         
[==                                     ] 7% Fetch remote repository...         
[==                                     ] 7% Computing updates...               
[===                                    ] 8% Computing updates...               
[===                                    ] 10% Computing updates...              
[===                                    ] 10% Installing Android SDK Platform 28
[===                                    ] 10% Downloading platform-28_r06.zip...
[====                                   ] 10% Downloading platform-28_r06.zip...
[====                                   ] 11% Downloading platform-28_r06.zip...
[====                                   ] 12% Downloading platform-28_r06.zip...
[=====                                  ] 13% Downloading platform-28_r06.zip...
[=====                                  ] 14% Downloading platform-28_r06.zip...
[=====                                  ] 15% Downloading platform-28_r06.zip...
[======                                 ] 15% Downloading platform-28_r06.zip...
[======                                 ] 16% Downloading platform-28_r06.zip...
[======                                 ] 17% Downloading platform-28_r06.zip...
[=======                                ] 18% Downloading platform-28_r06.zip...
[=======                                ] 19% Downloading platform-28_r06.zip...
[=======                                ] 20% Downloading platform-28_r06.zip...
[========                               ] 20% Downloading platform-28_r06.zip...
[========                               ] 21% Downloading platform-28_r06.zip...
[========                               ] 22% Downloading platform-28_r06.zip...
[=========                              ] 23% Downloading platform-28_r06.zip...
[=========                              ] 24% Downloading platform-28_r06.zip...
[=========                              ] 25% Downloading platform-28_r06.zip...
[==========                             ] 25% Downloading platform-28_r06.zip...
[==========                             ] 26% Downloading platform-28_r06.zip...
[==========                             ] 27% Downloading platform-28_r06.zip...
[===========                            ] 28% Downloading platform-28_r06.zip...
[===========                            ] 29% Downloading platform-28_r06.zip...
[===========                            ] 30% Downloading platform-28_r06.zip...
[============                           ] 30% Downloading platform-28_r06.zip...
[============                           ] 31% Downloading platform-28_r06.zip...
[============                           ] 32% Downloading platform-28_r06.zip...
[============                           ] 33% Downloading platform-28_r06.zip...
[============                           ] 33% Unzipping...                      
[============                           ] 33% Unzipping... android-9/           
[============                           ] 33% Unzipping... android-9/android.jar
[=============                          ] 33% Unzipping... android-9/android.jar
[=============                          ] 34% Unzipping... android-9/android.jar
[=============                          ] 35% Unzipping... android-9/android.jar
[==============                         ] 35% Unzipping... android-9/android.jar
[==============                         ] 36% Unzipping... android-9/android.jar
[==============                         ] 37% Unzipping... android-9/android.jar
[===============                        ] 38% Unzipping... android-9/android.jar
[===============                        ] 38% Unzipping... android-9/optional/  
[===============                        ] 38% Unzipping... android-9/optional/an
[===============                        ] 38% Unzipping... android-9/optional/or
[===============                        ] 38% Unzipping... android-9/optional/an
[===============                        ] 38% Unzipping... android-9/optional/op
[===============                        ] 38% Unzipping... android-9/templates/ 
[===============                        ] 38% Unzipping... android-9/templates/i
[===============                        ] 38% Unzipping... android-9/templates/N
[===============                        ] 38% Unzipping... android-9/templates/A
[===============                        ] 38% Unzipping... android-9/templates/j
[===============                        ] 38% Unzipping... android-9/templates/l
[===============                        ] 38% Unzipping... android-9/templates/i
[===============                        ] 38% Unzipping... android-9/templates/j
[===============                        ] 38% Unzipping... android-9/templates/i
[===============                        ] 38% Unzipping... android-9/templates/A
[===============                        ] 38% Unzipping... android-9/templates/i
[===============                        ] 38% Unzipping... android-9/templates/s
[===============                        ] 38% Unzipping... android-9/build.prop 
[===============                        ] 38% Unzipping... android-9/android-stu
[===============                        ] 39% Unzipping... android-9/android-stu
[===============                        ] 40% Unzipping... android-9/android-stu
[================                       ] 40% Unzipping... android-9/android-stu
[================                       ] 41% Unzipping... android-9/android-stu
[================                       ] 41% Unzipping... android-9/uiautomator
[================                       ] 41% Unzipping... android-9/source.prop
[================                       ] 41% Unzipping... android-9/data/      
[================                       ] 41% Unzipping... android-9/data/servic
[================                       ] 41% Unzipping... android-9/data/NOTICE
[================                       ] 41% Unzipping... android-9/data/widget
[================                       ] 41% Unzipping... android-9/data/broadc
[================                       ] 41% Unzipping... android-9/data/api-ve
[================                       ] 41% Unzipping... android-9/data/fonts/
[================                       ] 42% Unzipping... android-9/data/fonts/
[=================                      ] 43% Unzipping... android-9/data/fonts/
[=================                      ] 44% Unzipping... android-9/data/fonts/
[=================                      ] 45% Unzipping... android-9/data/fonts/
[==================                     ] 45% Unzipping... android-9/data/fonts/
[==================                     ] 46% Unzipping... android-9/data/fonts/
[==================                     ] 47% Unzipping... android-9/data/fonts/
[==================                     ] 47% Unzipping... android-9/data/featur
[==================                     ] 47% Unzipping... android-9/data/annota
[==================                     ] 47% Unzipping... android-9/data/layout
[==================                     ] 47% Unzipping... android-9/data/tzdata
[==================                     ] 47% Unzipping... android-9/data/res/  
[==================                     ] 47% Unzipping... android-9/data/res/va
[==================                     ] 47% Unzipping... android-9/data/res/la
[==================                     ] 47% Unzipping... android-9/data/res/va
[==================                     ] 47% Unzipping... android-9/data/res/mi
[==================                     ] 47% Unzipping... android-9/data/res/va
[==================                     ] 47% Unzipping... android-9/data/res/an
[==================                     ] 47% Unzipping... android-9/data/res/va
[==================                     ] 47% Unzipping... android-9/data/res/dr
[==================                     ] 47% Unzipping... android-9/data/res/va
[==================                     ] 47% Unzipping... android-9/data/res/xm
[==================                     ] 47% Unzipping... android-9/data/res/va
[==================                     ] 47% Unzipping... android-9/data/res/la
[==================                     ] 47% Unzipping... android-9/data/res/va
[==================                     ] 47% Unzipping... android-9/data/res/la
[==================                     ] 47% Unzipping... android-9/data/res/va
[==================                     ] 47% Unzipping... android-9/data/res/ra
[==================                     ] 47% Unzipping... android-9/data/res/va
[===================                    ] 48% Unzipping... android-9/data/res/va
[===================                    ] 48% Unzipping... android-9/data/res/xm
[===================                    ] 48% Unzipping... android-9/data/res/va
[===================                    ] 48% Unzipping... android-9/data/res/ra
[===================                    ] 48% Unzipping... android-9/data/res/va
[===================                    ] 48% Unzipping... android-9/data/res/an
[===================                    ] 48% Unzipping... android-9/data/res/va
[===================                    ] 48% Unzipping... android-9/data/res/ra
[===================                    ] 48% Unzipping... android-9/data/res/va
[===================                    ] 48% Unzipping... android-9/data/res/co
[===================                    ] 48% Unzipping... android-9/data/res/va
[===================                    ] 48% Unzipping... android-9/data/res/dr
[===================                    ] 48% Unzipping... android-9/data/res/va
[===================                    ] 48% Unzipping... android-9/data/res/tr
[===================                    ] 48% Unzipping... android-9/data/res/va
[===================                    ] 49% Unzipping... android-9/data/res/va
[===================                    ] 49% Unzipping... android-9/data/res/xm
[===================                    ] 49% Unzipping... android-9/data/res/va
[===================                    ] 49% Unzipping... android-9/data/res/ra
[===================                    ] 49% Unzipping... android-9/data/res/va
[===================                    ] 49% Unzipping... android-9/data/res/ra
[===================                    ] 49% Unzipping... android-9/data/res/va
[===================                    ] 49% Unzipping... android-9/data/res/la
[===================                    ] 49% Unzipping... android-9/data/res/va
[===================                    ] 49% Unzipping... android-9/data/res/ra
[===================                    ] 49% Unzipping... android-9/data/res/va
[===================                    ] 49% Unzipping... android-9/data/res/dr
[===================                    ] 49% Unzipping... android-9/data/res/va
[===================                    ] 49% Unzipping... android-9/data/res/dr
[===================                    ] 49% Unzipping... android-9/data/res/va
[===================                    ] 49% Unzipping... android-9/data/res/ra
[===================                    ] 49% Unzipping... android-9/data/res/va
[===================                    ] 49% Unzipping... android-9/data/res/ra
[===================                    ] 49% Unzipping... android-9/data/res/va
[===================                    ] 49% Unzipping... android-9/data/res/mi
[===================                    ] 49% Unzipping... android-9/data/res/va
[===================                    ] 49% Unzipping... android-9/data/res/ra
[===================                    ] 49% Unzipping... android-9/data/res/va
[===================                    ] 49% Unzipping... android-9/data/res/ra
[===================                    ] 49% Unzipping... android-9/data/res/va
[===================                    ] 49% Unzipping... android-9/data/res/ra
[===================                    ] 49% Unzipping... android-9/data/res/xm
[===================                    ] 49% Unzipping... android-9/data/res/va
[===================                    ] 50% Unzipping... android-9/data/res/va
[===================                    ] 50% Unzipping... android-9/data/res/dr
[===================                    ] 50% Unzipping... android-9/data/res/va
[===================                    ] 50% Unzipping... android-9/data/res/ra
[===================                    ] 50% Unzipping... android-9/data/res/va
[===================                    ] 50% Unzipping... android-9/data/res/mi
[===================                    ] 50% Unzipping... android-9/data/res/va
[===================                    ] 50% Unzipping... android-9/data/res/ra
[===================                    ] 50% Unzipping... android-9/data/res/va
[===================                    ] 50% Unzipping... android-9/data/res/ra
[===================                    ] 50% Unzipping... android-9/data/res/va
[===================                    ] 50% Unzipping... android-9/data/res/in
[===================                    ] 50% Unzipping... android-9/data/res/va
[===================                    ] 50% Unzipping... android-9/data/res/dr
[===================                    ] 50% Unzipping... android-9/data/res/va
[===================                    ] 50% Unzipping... android-9/data/res/me
[===================                    ] 50% Unzipping... android-9/data/res/va
[===================                    ] 50% Unzipping... android-9/data/res/dr
[====================                   ] 50% Unzipping... android-9/data/res/dr
[====================                   ] 50% Unzipping... android-9/data/res/va
[====================                   ] 50% Unzipping... android-9/data/res/dr
[====================                   ] 50% Unzipping... android-9/data/res/va
[====================                   ] 50% Unzipping... android-9/data/res/dr
[====================                   ] 50% Unzipping... android-9/data/res/va
[====================                   ] 50% Unzipping... android-9/data/res/dr
[====================                   ] 51% Unzipping... android-9/data/res/dr
[====================                   ] 51% Unzipping... android-9/data/res/va
[====================                   ] 51% Unzipping... android-9/data/res/dr
[====================                   ] 51% Unzipping... android-9/data/res/va
[====================                   ] 51% Unzipping... android-9/data/res/xm
[====================                   ] 51% Unzipping... android-9/data/res/va
[====================                   ] 51% Unzipping... android-9/data/res/dr
[====================                   ] 51% Unzipping... android-9/data/res/va
[====================                   ] 51% Unzipping... android-9/data/res/dr
[====================                   ] 52% Unzipping... android-9/data/res/dr
[====================                   ] 52% Unzipping... android-9/data/res/va
[====================                   ] 52% Unzipping... android-9/data/res/an
[====================                   ] 52% Unzipping... android-9/data/res/va
[====================                   ] 52% Unzipping... android-9/data/res/ra
[====================                   ] 52% Unzipping... android-9/data/res/va
[====================                   ] 52% Unzipping... android-9/data/res/mi
[====================                   ] 52% Unzipping... android-9/data/res/xm
[====================                   ] 52% Unzipping... android-9/data/res/va
[====================                   ] 52% Unzipping... android-9/data/res/an
[====================                   ] 52% Unzipping... android-9/data/res/va
[====================                   ] 52% Unzipping... android-9/data/res/in
[====================                   ] 52% Unzipping... android-9/data/res/va
[====================                   ] 52% Unzipping... android-9/data/res/ra
[====================                   ] 52% Unzipping... android-9/data/res/va
[====================                   ] 52% Unzipping... android-9/data/res/ra
[====================                   ] 52% Unzipping... android-9/data/res/va
[====================                   ] 52% Unzipping... android-9/data/res/ra
[====================                   ] 52% Unzipping... android-9/data/res/va
[====================                   ] 52% Unzipping... android-9/data/res/la
[====================                   ] 52% Unzipping... android-9/data/res/va
[====================                   ] 52% Unzipping... android-9/data/res/la
[====================                   ] 52% Unzipping... android-9/data/res/va
[====================                   ] 52% Unzipping... android-9/data/res/dr
[====================                   ] 52% Unzipping... android-9/data/res/va
[====================                   ] 52% Unzipping... android-9/data/res/la
[====================                   ] 52% Unzipping... android-9/data/res/va
[====================                   ] 52% Unzipping... android-9/data/res/mi
[====================                   ] 52% Unzipping... android-9/data/res/va
[====================                   ] 52% Unzipping... android-9/data/res/ra
[====================                   ] 52% Unzipping... android-9/data/res/va
[====================                   ] 52% Unzipping... android-9/data/res/dr
[====================                   ] 52% Unzipping... android-9/data/res/va
[====================                   ] 52% Unzipping... android-9/data/res/la
[====================                   ] 52% Unzipping... android-9/data/res/va
[====================                   ] 52% Unzipping... android-9/data/res/la
[====================                   ] 52% Unzipping... android-9/data/res/va
[====================                   ] 52% Unzipping... android-9/data/res/dr
[====================                   ] 52% Unzipping... android-9/data/res/va
[====================                   ] 52% Unzipping... android-9/data/res/la
[====================                   ] 52% Unzipping... android-9/data/res/va
[====================                   ] 52% Unzipping... android-9/data/res/co
[====================                   ] 52% Unzipping... android-9/data/res/va
[====================                   ] 52% Unzipping... android-9/data/res/ra
[====================                   ] 52% Unzipping... android-9/data/res/va
[====================                   ] 52% Unzipping... android-9/data/res/dr
[=====================                  ] 53% Unzipping... android-9/data/res/dr
[=====================                  ] 53% Unzipping... android-9/data/res/va
[=====================                  ] 53% Unzipping... android-9/data/res/mi
[=====================                  ] 53% Unzipping... android-9/data/res/va
[=====================                  ] 53% Unzipping... android-9/data/res/dr
[=====================                  ] 53% Unzipping... android-9/data/res/va
[=====================                  ] 53% Unzipping... android-9/data/res/mi
[=====================                  ] 53% Unzipping... android-9/data/res/va
[=====================                  ] 53% Unzipping... android-9/data/res/ra
[=====================                  ] 53% Unzipping... android-9/data/res/va
[=====================                  ] 53% Unzipping... android-9/data/res/ra
[=====================                  ] 53% Unzipping... android-9/data/res/va
[=====================                  ] 53% Unzipping... android-9/data/res/dr
[=====================                  ] 53% Unzipping... android-9/data/res/va
[=====================                  ] 54% Unzipping... android-9/data/res/va
[=====================                  ] 54% Unzipping... android-9/data/res/ra
[=====================                  ] 54% Unzipping... android-9/data/res/va
[=====================                  ] 54% Unzipping... android-9/data/res/dr
[=====================                  ] 54% Unzipping... android-9/data/res/va
[=====================                  ] 54% Unzipping... android-9/data/res/dr
[=====================                  ] 54% Unzipping... android-9/data/res/va
[=====================                  ] 54% Unzipping... android-9/data/catego
[=====================                  ] 54% Unzipping... android-9/data/activi
[=====================                  ] 54% Unzipping... android-9/sdk.propert
[=====================                  ] 54% Unzipping... android-9/skins/     
[=====================                  ] 54% Unzipping... android-9/skins/WXGA7
[=====================                  ] 54% Unzipping... android-9/skins/WQVGA
[=====================                  ] 54% Unzipping... android-9/skins/NOTIC
[=====================                  ] 54% Unzipping... android-9/skins/HVGA/
[=====================                  ] 54% Unzipping... android-9/skins/WVGA8
[=====================                  ] 54% Unzipping... android-9/skins/WQVGA
[=====================                  ] 54% Unzipping... android-9/skins/WVGA8
[=====================                  ] 54% Unzipping... android-9/skins/QVGA/
[=====================                  ] 54% Unzipping... android-9/skins/WXGA8
[=====================                  ] 54% Unzipping... android-9/skins/WSVGA
[=====================                  ] 54% Unzipping... android-9/skins/WXGA8
[=====================                  ] 54% Unzipping... android-9/framework.a
[=====================                  ] 55% Unzipping... android-9/framework.a
[=======================================] 100% Unzipping... android-9/framework.
[android] Using Android SDK: /opt/android-sdk-linux
$ /opt/android-sdk-linux/platform-tools/adb start-server
* daemon not running; starting now at tcp:5845
* daemon started successfully
$ /opt/android-sdk-linux/platform-tools/adb start-server
[android] Starting Android emulator
$ /opt/android-sdk-linux/emulator/emulator -ports 5750,5751 -report-console tcp:5830,max=60 -avd pixel_9.0 -no-window
ProbeKVM: This user doesn't have permissions to use KVM (/dev/kvm).
The KVM line in /etc/group is: [LINE_NOT_FOUND]

If the current user has KVM permissions,
the KVM line in /etc/group should end with ":" followed by your username.

If we see LINE_NOT_FOUND, the kvm group may need to be created along with permissions:
    sudo groupadd -r kvm
    # Then ensure /lib/udev/rules.d/50-udev-default.rules contains something like:
    # KERNEL=="kvm", GROUP="kvm", MODE="0660"
    # and then run:
    sudo gpasswd -a $USER kvm

If we see kvm:... but no username at the end, running the following command may allow KVM access:
    sudo gpasswd -a $USER kvm

You may need to log out and back in for changes to take effect.

handleCpuAcceleration: feature check for hvf
emulator: ERROR: x86 emulation currently requires hardware acceleration!
CPU acceleration status: This user doesn't have permissions to use KVM (/dev/kvm).
The KVM line in /etc/group is: [LINE_NOT_FOUND]

If the current user has KVM permissions,
the KVM line in /etc/group should end with ":" followed by your username.

If we see LINE_NOT_FOUND, the kv
More info on configuring VM acceleration on Linux:
https://developer.android.com/studio/run/emulator-acceleration#vm-linux
General information on acceleration: https://developer.android.com/studio/run/emulator-acceleration.

[android] Emulator did not appear to start; giving up
[android] Stopping Android emulator
$ /opt/android-sdk-linux/platform-tools/adb kill-server
Archiving artifacts
[htmlpublisher] Archiving HTML reports...
[htmlpublisher] Archiving at PROJECT level /var/jenkins_home/workspace/CI-CD-DailyShiba/app/build/reports/jacoco/testDebugUnitTestCoverage/html to /var/jenkins_home/jobs/CI-CD-DailyShiba/htmlreports/Debug_20Unit_20Test_20Coverage_20Report
[htmlpublisher] Archiving at PROJECT level /var/jenkins_home/workspace/CI-CD-DailyShiba/app/build/reports/tests/testDebugUnitTest to /var/jenkins_home/jobs/CI-CD-DailyShiba/htmlreports/Unit_20Test_20Results_20Report
Finished: NOT_BUILT
