Started by GitHub push by Leschnitzky
Running as SYSTEM
Building in workspace /var/jenkins_home/workspace/CI-CD-DailyShiba
The recommended git tool is: NONE
using credential fc51b632-51c1-4bd9-a00c-54689bcba68d
 > git rev-parse --resolve-git-dir /var/jenkins_home/workspace/CI-CD-DailyShiba/.git # timeout=10
Fetching changes from the remote Git repository
 > git config remote.origin.url https://github.com/Leschnitzky/SergeyPortfolioApp # timeout=10
Fetching upstream changes from https://github.com/Leschnitzky/SergeyPortfolioApp
 > git --version # timeout=10
 > git --version # 'git version 2.20.1'
using GIT_ASKPASS to set credentials 
 > git fetch --tags --force --progress -- https://github.com/Leschnitzky/SergeyPortfolioApp +refs/heads/*:refs/remotes/origin/* # timeout=10
Seen branch in repository origin/ci_cd_env
Seen branch in repository origin/development
Seen branch in repository origin/master
Seen 3 remote branches
 > git show-ref --tags -d # timeout=10
Checking out Revision 76c2c900e20e5de18bca7050b7db3e5ddca8d7e0 (origin/development)
 > git config core.sparsecheckout # timeout=10
 > git checkout -f 76c2c900e20e5de18bca7050b7db3e5ddca8d7e0 # timeout=10
Commit message: "Failed build"
 > git rev-list --no-walk 93834637a9ca9e237bd2366b8a827d54757544b9 # timeout=10
$ /opt/android-sdk-linux/tools/bin/avdmanager list target
$ /opt/android-sdk-linux/tools/bin/sdkmanager --sdk_root=/opt/android-sdk-linux --list --verbose
[android] Using Android SDK: /opt/android-sdk-linux
$ /opt/android-sdk-linux/platform-tools/adb start-server
* daemon not running; starting now at tcp:5823
* daemon started successfully
$ /opt/android-sdk-linux/platform-tools/adb start-server
[android] Starting Android emulator
$ /opt/android-sdk-linux/emulator/emulator -skin 1080x1920 -ports 5756,5757 -report-console tcp:5857,max=60 -prop persist.sys.language=en -prop persist.sys.country=US -avd hudson_en-US_213_1080x1920_android-28_x86_64 -no-window
WARNING: unexpected '-prop' value ('persist.sys.language=en'), only 'qemu.*' properties are supported
WARNING: unexpected '-prop' value ('persist.sys.country=US'), only 'qemu.*' properties are supported
handleCpuAcceleration: feature check for hvf
cannot add library /opt/android-sdk-linux/emulator/qemu/linux-x86_64/lib64/vulkan/libvulkan.so: failed
added library /opt/android-sdk-linux/emulator/lib64/vulkan/libvulkan.so
pulseaudio: Failed to initialize PA contextaudio: Could not init `pa' audio driver
[android] Emulator reported that the console is available on port 5,756
[android] Waiting for emulator to finish booting...
$ /opt/android-sdk-linux/platform-tools/adb -s emulator-5756 wait-for-device shell getprop init.svc.bootanim
[android] Emulator reported that the startup process is 'stopped'
$ /opt/android-sdk-linux/platform-tools/adb -s emulator-5756 shell logcat -v time
[android] Attempting to unlock emulator screen
$ /opt/android-sdk-linux/platform-tools/adb -s emulator-5756 shell wm dismiss-keyguard
$ /opt/android-sdk-linux/platform-tools/adb -s emulator-5756 shell input keyevent 4
ERROR: Timeout after 60 milliseconds
[android] Emulator is ready for use (took 7 seconds)
[Gradle] - Launching build.
[CI-CD-DailyShiba] $ /var/jenkins_home/workspace/CI-CD-DailyShiba/gradlew clean testDebugUnitTestCoverage createDebugCoverageReport assembleDebug
Starting a Gradle Daemon (subsequent builds will be faster)

> Configure project :app
The Hilt configuration option 'enableTransformForLocalTests' is no longer necessary when com.android.tools.build:gradle:4.2.0+ is used.
app: 'annotationProcessor' dependencies won't be recognized as kapt annotation processors. Please change the configuration name to 'kapt' for these artifacts: 'com.github.bumptech.glide:compiler:4.12.0'.

[8mha:////4CZoNmpjoMBwHPeSDwKL7l15SLcfLja0pAd6U0nHaAczAAAAYB+LCAAAAAAAAP9b85aBtbiIQSWjNKU4P0+vIKc0PTOvWC+9KDElJ1XPHUyFJBZn++WXpCqzh62PfDo/h4mBoaKIQQqqJTk/rzgfqNYZQoMUMkAAI0hhAQASWqbMYgAAAA==[0m> Task :clean
[8mha:////4CZoNmpjoMBwHPeSDwKL7l15SLcfLja0pAd6U0nHaAczAAAAYB+LCAAAAAAAAP9b85aBtbiIQSWjNKU4P0+vIKc0PTOvWC+9KDElJ1XPHUyFJBZn++WXpCqzh62PfDo/h4mBoaKIQQqqJTk/rzgfqNYZQoMUMkAAI0hhAQASWqbMYgAAAA==[0m> Task :app:clean
[8mha:////4CZoNmpjoMBwHPeSDwKL7l15SLcfLja0pAd6U0nHaAczAAAAYB+LCAAAAAAAAP9b85aBtbiIQSWjNKU4P0+vIKc0PTOvWC+9KDElJ1XPHUyFJBZn++WXpCqzh62PfDo/h4mBoaKIQQqqJTk/rzgfqNYZQoMUMkAAI0hhAQASWqbMYgAAAA==[0m> Task :app:preBuild UP-TO-DATE
[8mha:////4CZoNmpjoMBwHPeSDwKL7l15SLcfLja0pAd6U0nHaAczAAAAYB+LCAAAAAAAAP9b85aBtbiIQSWjNKU4P0+vIKc0PTOvWC+9KDElJ1XPHUyFJBZn++WXpCqzh62PfDo/h4mBoaKIQQqqJTk/rzgfqNYZQoMUMkAAI0hhAQASWqbMYgAAAA==[0m> Task :app:preDebugBuild UP-TO-DATE
[8mha:////4CZoNmpjoMBwHPeSDwKL7l15SLcfLja0pAd6U0nHaAczAAAAYB+LCAAAAAAAAP9b85aBtbiIQSWjNKU4P0+vIKc0PTOvWC+9KDElJ1XPHUyFJBZn++WXpCqzh62PfDo/h4mBoaKIQQqqJTk/rzgfqNYZQoMUMkAAI0hhAQASWqbMYgAAAA==[0m> Task :app:compileDebugAidl NO-SOURCE
[8mha:////4CZoNmpjoMBwHPeSDwKL7l15SLcfLja0pAd6U0nHaAczAAAAYB+LCAAAAAAAAP9b85aBtbiIQSWjNKU4P0+vIKc0PTOvWC+9KDElJ1XPHUyFJBZn++WXpCqzh62PfDo/h4mBoaKIQQqqJTk/rzgfqNYZQoMUMkAAI0hhAQASWqbMYgAAAA==[0m> Task :app:compileDebugRenderscript NO-SOURCE
[8mha:////4CZoNmpjoMBwHPeSDwKL7l15SLcfLja0pAd6U0nHaAczAAAAYB+LCAAAAAAAAP9b85aBtbiIQSWjNKU4P0+vIKc0PTOvWC+9KDElJ1XPHUyFJBZn++WXpCqzh62PfDo/h4mBoaKIQQqqJTk/rzgfqNYZQoMUMkAAI0hhAQASWqbMYgAAAA==[0m> Task :app:generateDebugBuildConfig
[8mha:////4CZoNmpjoMBwHPeSDwKL7l15SLcfLja0pAd6U0nHaAczAAAAYB+LCAAAAAAAAP9b85aBtbiIQSWjNKU4P0+vIKc0PTOvWC+9KDElJ1XPHUyFJBZn++WXpCqzh62PfDo/h4mBoaKIQQqqJTk/rzgfqNYZQoMUMkAAI0hhAQASWqbMYgAAAA==[0m> Task :app:writeDebugApplicationId
[8mha:////4CZoNmpjoMBwHPeSDwKL7l15SLcfLja0pAd6U0nHaAczAAAAYB+LCAAAAAAAAP9b85aBtbiIQSWjNKU4P0+vIKc0PTOvWC+9KDElJ1XPHUyFJBZn++WXpCqzh62PfDo/h4mBoaKIQQqqJTk/rzgfqNYZQoMUMkAAI0hhAQASWqbMYgAAAA==[0m> Task :app:generateSafeArgsDebug
[8mha:////4CZoNmpjoMBwHPeSDwKL7l15SLcfLja0pAd6U0nHaAczAAAAYB+LCAAAAAAAAP9b85aBtbiIQSWjNKU4P0+vIKc0PTOvWC+9KDElJ1XPHUyFJBZn++WXpCqzh62PfDo/h4mBoaKIQQqqJTk/rzgfqNYZQoMUMkAAI0hhAQASWqbMYgAAAA==[0m> Task :app:generateDebugResValues
[8mha:////4CZoNmpjoMBwHPeSDwKL7l15SLcfLja0pAd6U0nHaAczAAAAYB+LCAAAAAAAAP9b85aBtbiIQSWjNKU4P0+vIKc0PTOvWC+9KDElJ1XPHUyFJBZn++WXpCqzh62PfDo/h4mBoaKIQQqqJTk/rzgfqNYZQoMUMkAAI0hhAQASWqbMYgAAAA==[0m> Task :app:generateDebugResources
[8mha:////4CZoNmpjoMBwHPeSDwKL7l15SLcfLja0pAd6U0nHaAczAAAAYB+LCAAAAAAAAP9b85aBtbiIQSWjNKU4P0+vIKc0PTOvWC+9KDElJ1XPHUyFJBZn++WXpCqzh62PfDo/h4mBoaKIQQqqJTk/rzgfqNYZQoMUMkAAI0hhAQASWqbMYgAAAA==[0m> Task :app:checkDebugAarMetadata
[8mha:////4CZoNmpjoMBwHPeSDwKL7l15SLcfLja0pAd6U0nHaAczAAAAYB+LCAAAAAAAAP9b85aBtbiIQSWjNKU4P0+vIKc0PTOvWC+9KDElJ1XPHUyFJBZn++WXpCqzh62PfDo/h4mBoaKIQQqqJTk/rzgfqNYZQoMUMkAAI0hhAQASWqbMYgAAAA==[0m> Task :app:injectCrashlyticsMappingFileIdDebug
[8mha:////4CZoNmpjoMBwHPeSDwKL7l15SLcfLja0pAd6U0nHaAczAAAAYB+LCAAAAAAAAP9b85aBtbiIQSWjNKU4P0+vIKc0PTOvWC+9KDElJ1XPHUyFJBZn++WXpCqzh62PfDo/h4mBoaKIQQqqJTk/rzgfqNYZQoMUMkAAI0hhAQASWqbMYgAAAA==[0m> Task :app:processDebugGoogleServices
[8mha:////4CZoNmpjoMBwHPeSDwKL7l15SLcfLja0pAd6U0nHaAczAAAAYB+LCAAAAAAAAP9b85aBtbiIQSWjNKU4P0+vIKc0PTOvWC+9KDElJ1XPHUyFJBZn++WXpCqzh62PfDo/h4mBoaKIQQqqJTk/rzgfqNYZQoMUMkAAI0hhAQASWqbMYgAAAA==[0m> Task :app:createDebugCompatibleScreenManifests
[8mha:////4CZoNmpjoMBwHPeSDwKL7l15SLcfLja0pAd6U0nHaAczAAAAYB+LCAAAAAAAAP9b85aBtbiIQSWjNKU4P0+vIKc0PTOvWC+9KDElJ1XPHUyFJBZn++WXpCqzh62PfDo/h4mBoaKIQQqqJTk/rzgfqNYZQoMUMkAAI0hhAQASWqbMYgAAAA==[0m> Task :app:extractDeepLinksDebug
[8mha:////4CZoNmpjoMBwHPeSDwKL7l15SLcfLja0pAd6U0nHaAczAAAAYB+LCAAAAAAAAP9b85aBtbiIQSWjNKU4P0+vIKc0PTOvWC+9KDElJ1XPHUyFJBZn++WXpCqzh62PfDo/h4mBoaKIQQqqJTk/rzgfqNYZQoMUMkAAI0hhAQASWqbMYgAAAA==[0m> Task :app:mergeDebugResources
[8mha:////4CZoNmpjoMBwHPeSDwKL7l15SLcfLja0pAd6U0nHaAczAAAAYB+LCAAAAAAAAP9b85aBtbiIQSWjNKU4P0+vIKc0PTOvWC+9KDElJ1XPHUyFJBZn++WXpCqzh62PfDo/h4mBoaKIQQqqJTk/rzgfqNYZQoMUMkAAI0hhAQASWqbMYgAAAA==[0m> Task :app:processDebugMainManifest
[8mha:////4CZoNmpjoMBwHPeSDwKL7l15SLcfLja0pAd6U0nHaAczAAAAYB+LCAAAAAAAAP9b85aBtbiIQSWjNKU4P0+vIKc0PTOvWC+9KDElJ1XPHUyFJBZn++WXpCqzh62PfDo/h4mBoaKIQQqqJTk/rzgfqNYZQoMUMkAAI0hhAQASWqbMYgAAAA==[0m> Task :app:processDebugManifest
[8mha:////4CZoNmpjoMBwHPeSDwKL7l15SLcfLja0pAd6U0nHaAczAAAAYB+LCAAAAAAAAP9b85aBtbiIQSWjNKU4P0+vIKc0PTOvWC+9KDElJ1XPHUyFJBZn++WXpCqzh62PfDo/h4mBoaKIQQqqJTk/rzgfqNYZQoMUMkAAI0hhAQASWqbMYgAAAA==[0m> Task :app:preDebugUnitTestBuild UP-TO-DATE
[8mha:////4CZoNmpjoMBwHPeSDwKL7l15SLcfLja0pAd6U0nHaAczAAAAYB+LCAAAAAAAAP9b85aBtbiIQSWjNKU4P0+vIKc0PTOvWC+9KDElJ1XPHUyFJBZn++WXpCqzh62PfDo/h4mBoaKIQQqqJTk/rzgfqNYZQoMUMkAAI0hhAQASWqbMYgAAAA==[0m> Task :app:processDebugJavaRes NO-SOURCE
[8mha:////4CZoNmpjoMBwHPeSDwKL7l15SLcfLja0pAd6U0nHaAczAAAAYB+LCAAAAAAAAP9b85aBtbiIQSWjNKU4P0+vIKc0PTOvWC+9KDElJ1XPHUyFJBZn++WXpCqzh62PfDo/h4mBoaKIQQqqJTk/rzgfqNYZQoMUMkAAI0hhAQASWqbMYgAAAA==[0m> Task :app:processDebugUnitTestJavaRes NO-SOURCE
[8mha:////4CZoNmpjoMBwHPeSDwKL7l15SLcfLja0pAd6U0nHaAczAAAAYB+LCAAAAAAAAP9b85aBtbiIQSWjNKU4P0+vIKc0PTOvWC+9KDElJ1XPHUyFJBZn++WXpCqzh62PfDo/h4mBoaKIQQqqJTk/rzgfqNYZQoMUMkAAI0hhAQASWqbMYgAAAA==[0m> Task :app:mergeDebugShaders
[8mha:////4CZoNmpjoMBwHPeSDwKL7l15SLcfLja0pAd6U0nHaAczAAAAYB+LCAAAAAAAAP9b85aBtbiIQSWjNKU4P0+vIKc0PTOvWC+9KDElJ1XPHUyFJBZn++WXpCqzh62PfDo/h4mBoaKIQQqqJTk/rzgfqNYZQoMUMkAAI0hhAQASWqbMYgAAAA==[0m> Task :app:compileDebugShaders NO-SOURCE
[8mha:////4CZoNmpjoMBwHPeSDwKL7l15SLcfLja0pAd6U0nHaAczAAAAYB+LCAAAAAAAAP9b85aBtbiIQSWjNKU4P0+vIKc0PTOvWC+9KDElJ1XPHUyFJBZn++WXpCqzh62PfDo/h4mBoaKIQQqqJTk/rzgfqNYZQoMUMkAAI0hhAQASWqbMYgAAAA==[0m> Task :app:generateDebugAssets UP-TO-DATE
[8mha:////4CZoNmpjoMBwHPeSDwKL7l15SLcfLja0pAd6U0nHaAczAAAAYB+LCAAAAAAAAP9b85aBtbiIQSWjNKU4P0+vIKc0PTOvWC+9KDElJ1XPHUyFJBZn++WXpCqzh62PfDo/h4mBoaKIQQqqJTk/rzgfqNYZQoMUMkAAI0hhAQASWqbMYgAAAA==[0m> Task :app:mergeDebugAssets
[8mha:////4CZoNmpjoMBwHPeSDwKL7l15SLcfLja0pAd6U0nHaAczAAAAYB+LCAAAAAAAAP9b85aBtbiIQSWjNKU4P0+vIKc0PTOvWC+9KDElJ1XPHUyFJBZn++WXpCqzh62PfDo/h4mBoaKIQQqqJTk/rzgfqNYZQoMUMkAAI0hhAQASWqbMYgAAAA==[0m> Task :app:compressDebugAssets
[8mha:////4CZoNmpjoMBwHPeSDwKL7l15SLcfLja0pAd6U0nHaAczAAAAYB+LCAAAAAAAAP9b85aBtbiIQSWjNKU4P0+vIKc0PTOvWC+9KDElJ1XPHUyFJBZn++WXpCqzh62PfDo/h4mBoaKIQQqqJTk/rzgfqNYZQoMUMkAAI0hhAQASWqbMYgAAAA==[0m> Task :app:desugarDebugFileDependencies
[8mha:////4CZoNmpjoMBwHPeSDwKL7l15SLcfLja0pAd6U0nHaAczAAAAYB+LCAAAAAAAAP9b85aBtbiIQSWjNKU4P0+vIKc0PTOvWC+9KDElJ1XPHUyFJBZn++WXpCqzh62PfDo/h4mBoaKIQQqqJTk/rzgfqNYZQoMUMkAAI0hhAQASWqbMYgAAAA==[0m> Task :app:mergeDebugJniLibFolders
[8mha:////4CZoNmpjoMBwHPeSDwKL7l15SLcfLja0pAd6U0nHaAczAAAAYB+LCAAAAAAAAP9b85aBtbiIQSWjNKU4P0+vIKc0PTOvWC+9KDElJ1XPHUyFJBZn++WXpCqzh62PfDo/h4mBoaKIQQqqJTk/rzgfqNYZQoMUMkAAI0hhAQASWqbMYgAAAA==[0m> Task :app:processDebugManifestForPackage
[8mha:////4CZoNmpjoMBwHPeSDwKL7l15SLcfLja0pAd6U0nHaAczAAAAYB+LCAAAAAAAAP9b85aBtbiIQSWjNKU4P0+vIKc0PTOvWC+9KDElJ1XPHUyFJBZn++WXpCqzh62PfDo/h4mBoaKIQQqqJTk/rzgfqNYZQoMUMkAAI0hhAQASWqbMYgAAAA==[0m> Task :app:checkDebugDuplicateClasses
[8mha:////4CZoNmpjoMBwHPeSDwKL7l15SLcfLja0pAd6U0nHaAczAAAAYB+LCAAAAAAAAP9b85aBtbiIQSWjNKU4P0+vIKc0PTOvWC+9KDElJ1XPHUyFJBZn++WXpCqzh62PfDo/h4mBoaKIQQqqJTk/rzgfqNYZQoMUMkAAI0hhAQASWqbMYgAAAA==[0m> Task :app:mergeLibDexDebug
[8mha:////4CZoNmpjoMBwHPeSDwKL7l15SLcfLja0pAd6U0nHaAczAAAAYB+LCAAAAAAAAP9b85aBtbiIQSWjNKU4P0+vIKc0PTOvWC+9KDElJ1XPHUyFJBZn++WXpCqzh62PfDo/h4mBoaKIQQqqJTk/rzgfqNYZQoMUMkAAI0hhAQASWqbMYgAAAA==[0m> Task :app:validateSigningDebug
[8mha:////4CZoNmpjoMBwHPeSDwKL7l15SLcfLja0pAd6U0nHaAczAAAAYB+LCAAAAAAAAP9b85aBtbiIQSWjNKU4P0+vIKc0PTOvWC+9KDElJ1XPHUyFJBZn++WXpCqzh62PfDo/h4mBoaKIQQqqJTk/rzgfqNYZQoMUMkAAI0hhAQASWqbMYgAAAA==[0m> Task :app:writeDebugAppMetadata
[8mha:////4CZoNmpjoMBwHPeSDwKL7l15SLcfLja0pAd6U0nHaAczAAAAYB+LCAAAAAAAAP9b85aBtbiIQSWjNKU4P0+vIKc0PTOvWC+9KDElJ1XPHUyFJBZn++WXpCqzh62PfDo/h4mBoaKIQQqqJTk/rzgfqNYZQoMUMkAAI0hhAQASWqbMYgAAAA==[0m> Task :app:writeDebugSigningConfigVersions
[8mha:////4CZoNmpjoMBwHPeSDwKL7l15SLcfLja0pAd6U0nHaAczAAAAYB+LCAAAAAAAAP9b85aBtbiIQSWjNKU4P0+vIKc0PTOvWC+9KDElJ1XPHUyFJBZn++WXpCqzh62PfDo/h4mBoaKIQQqqJTk/rzgfqNYZQoMUMkAAI0hhAQASWqbMYgAAAA==[0m> Task :app:preDebugAndroidTestBuild SKIPPED
[8mha:////4CZoNmpjoMBwHPeSDwKL7l15SLcfLja0pAd6U0nHaAczAAAAYB+LCAAAAAAAAP9b85aBtbiIQSWjNKU4P0+vIKc0PTOvWC+9KDElJ1XPHUyFJBZn++WXpCqzh62PfDo/h4mBoaKIQQqqJTk/rzgfqNYZQoMUMkAAI0hhAQASWqbMYgAAAA==[0m> Task :app:compileDebugAndroidTestAidl NO-SOURCE
[8mha:////4CZoNmpjoMBwHPeSDwKL7l15SLcfLja0pAd6U0nHaAczAAAAYB+LCAAAAAAAAP9b85aBtbiIQSWjNKU4P0+vIKc0PTOvWC+9KDElJ1XPHUyFJBZn++WXpCqzh62PfDo/h4mBoaKIQQqqJTk/rzgfqNYZQoMUMkAAI0hhAQASWqbMYgAAAA==[0m> Task :app:processDebugAndroidTestManifest
[8mha:////4CZoNmpjoMBwHPeSDwKL7l15SLcfLja0pAd6U0nHaAczAAAAYB+LCAAAAAAAAP9b85aBtbiIQSWjNKU4P0+vIKc0PTOvWC+9KDElJ1XPHUyFJBZn++WXpCqzh62PfDo/h4mBoaKIQQqqJTk/rzgfqNYZQoMUMkAAI0hhAQASWqbMYgAAAA==[0m> Task :app:compileDebugAndroidTestRenderscript NO-SOURCE
[8mha:////4CZoNmpjoMBwHPeSDwKL7l15SLcfLja0pAd6U0nHaAczAAAAYB+LCAAAAAAAAP9b85aBtbiIQSWjNKU4P0+vIKc0PTOvWC+9KDElJ1XPHUyFJBZn++WXpCqzh62PfDo/h4mBoaKIQQqqJTk/rzgfqNYZQoMUMkAAI0hhAQASWqbMYgAAAA==[0m> Task :app:generateDebugAndroidTestBuildConfig
[8mha:////4CZoNmpjoMBwHPeSDwKL7l15SLcfLja0pAd6U0nHaAczAAAAYB+LCAAAAAAAAP9b85aBtbiIQSWjNKU4P0+vIKc0PTOvWC+9KDElJ1XPHUyFJBZn++WXpCqzh62PfDo/h4mBoaKIQQqqJTk/rzgfqNYZQoMUMkAAI0hhAQASWqbMYgAAAA==[0m> Task :app:checkDebugAndroidTestAarMetadata
[8mha:////4CZoNmpjoMBwHPeSDwKL7l15SLcfLja0pAd6U0nHaAczAAAAYB+LCAAAAAAAAP9b85aBtbiIQSWjNKU4P0+vIKc0PTOvWC+9KDElJ1XPHUyFJBZn++WXpCqzh62PfDo/h4mBoaKIQQqqJTk/rzgfqNYZQoMUMkAAI0hhAQASWqbMYgAAAA==[0m> Task :app:generateDebugAndroidTestResValues
[8mha:////4CZoNmpjoMBwHPeSDwKL7l15SLcfLja0pAd6U0nHaAczAAAAYB+LCAAAAAAAAP9b85aBtbiIQSWjNKU4P0+vIKc0PTOvWC+9KDElJ1XPHUyFJBZn++WXpCqzh62PfDo/h4mBoaKIQQqqJTk/rzgfqNYZQoMUMkAAI0hhAQASWqbMYgAAAA==[0m> Task :app:generateDebugAndroidTestResources
[8mha:////4CZoNmpjoMBwHPeSDwKL7l15SLcfLja0pAd6U0nHaAczAAAAYB+LCAAAAAAAAP9b85aBtbiIQSWjNKU4P0+vIKc0PTOvWC+9KDElJ1XPHUyFJBZn++WXpCqzh62PfDo/h4mBoaKIQQqqJTk/rzgfqNYZQoMUMkAAI0hhAQASWqbMYgAAAA==[0m> Task :app:mergeDebugAndroidTestShaders
[8mha:////4CZoNmpjoMBwHPeSDwKL7l15SLcfLja0pAd6U0nHaAczAAAAYB+LCAAAAAAAAP9b85aBtbiIQSWjNKU4P0+vIKc0PTOvWC+9KDElJ1XPHUyFJBZn++WXpCqzh62PfDo/h4mBoaKIQQqqJTk/rzgfqNYZQoMUMkAAI0hhAQASWqbMYgAAAA==[0m> Task :app:compileDebugAndroidTestShaders NO-SOURCE
[8mha:////4CZoNmpjoMBwHPeSDwKL7l15SLcfLja0pAd6U0nHaAczAAAAYB+LCAAAAAAAAP9b85aBtbiIQSWjNKU4P0+vIKc0PTOvWC+9KDElJ1XPHUyFJBZn++WXpCqzh62PfDo/h4mBoaKIQQqqJTk/rzgfqNYZQoMUMkAAI0hhAQASWqbMYgAAAA==[0m> Task :app:generateDebugAndroidTestAssets UP-TO-DATE
[8mha:////4CZoNmpjoMBwHPeSDwKL7l15SLcfLja0pAd6U0nHaAczAAAAYB+LCAAAAAAAAP9b85aBtbiIQSWjNKU4P0+vIKc0PTOvWC+9KDElJ1XPHUyFJBZn++WXpCqzh62PfDo/h4mBoaKIQQqqJTk/rzgfqNYZQoMUMkAAI0hhAQASWqbMYgAAAA==[0m> Task :app:mergeDebugAndroidTestAssets
[8mha:////4CZoNmpjoMBwHPeSDwKL7l15SLcfLja0pAd6U0nHaAczAAAAYB+LCAAAAAAAAP9b85aBtbiIQSWjNKU4P0+vIKc0PTOvWC+9KDElJ1XPHUyFJBZn++WXpCqzh62PfDo/h4mBoaKIQQqqJTk/rzgfqNYZQoMUMkAAI0hhAQASWqbMYgAAAA==[0m> Task :app:compressDebugAndroidTestAssets
[8mha:////4CZoNmpjoMBwHPeSDwKL7l15SLcfLja0pAd6U0nHaAczAAAAYB+LCAAAAAAAAP9b85aBtbiIQSWjNKU4P0+vIKc0PTOvWC+9KDElJ1XPHUyFJBZn++WXpCqzh62PfDo/h4mBoaKIQQqqJTk/rzgfqNYZQoMUMkAAI0hhAQASWqbMYgAAAA==[0m> Task :app:mergeDebugAndroidTestResources
[8mha:////4CZoNmpjoMBwHPeSDwKL7l15SLcfLja0pAd6U0nHaAczAAAAYB+LCAAAAAAAAP9b85aBtbiIQSWjNKU4P0+vIKc0PTOvWC+9KDElJ1XPHUyFJBZn++WXpCqzh62PfDo/h4mBoaKIQQqqJTk/rzgfqNYZQoMUMkAAI0hhAQASWqbMYgAAAA==[0m> Task :app:processDebugAndroidTestJavaRes
[8mha:////4CZoNmpjoMBwHPeSDwKL7l15SLcfLja0pAd6U0nHaAczAAAAYB+LCAAAAAAAAP9b85aBtbiIQSWjNKU4P0+vIKc0PTOvWC+9KDElJ1XPHUyFJBZn++WXpCqzh62PfDo/h4mBoaKIQQqqJTk/rzgfqNYZQoMUMkAAI0hhAQASWqbMYgAAAA==[0m> Task :app:mergeDebugAndroidTestJniLibFolders
[8mha:////4CZoNmpjoMBwHPeSDwKL7l15SLcfLja0pAd6U0nHaAczAAAAYB+LCAAAAAAAAP9b85aBtbiIQSWjNKU4P0+vIKc0PTOvWC+9KDElJ1XPHUyFJBZn++WXpCqzh62PfDo/h4mBoaKIQQqqJTk/rzgfqNYZQoMUMkAAI0hhAQASWqbMYgAAAA==[0m> Task :app:desugarDebugAndroidTestFileDependencies
[8mha:////4CZoNmpjoMBwHPeSDwKL7l15SLcfLja0pAd6U0nHaAczAAAAYB+LCAAAAAAAAP9b85aBtbiIQSWjNKU4P0+vIKc0PTOvWC+9KDElJ1XPHUyFJBZn++WXpCqzh62PfDo/h4mBoaKIQQqqJTk/rzgfqNYZQoMUMkAAI0hhAQASWqbMYgAAAA==[0m> Task :app:validateSigningDebugAndroidTest
[8mha:////4CZoNmpjoMBwHPeSDwKL7l15SLcfLja0pAd6U0nHaAczAAAAYB+LCAAAAAAAAP9b85aBtbiIQSWjNKU4P0+vIKc0PTOvWC+9KDElJ1XPHUyFJBZn++WXpCqzh62PfDo/h4mBoaKIQQqqJTk/rzgfqNYZQoMUMkAAI0hhAQASWqbMYgAAAA==[0m> Task :app:checkDebugAndroidTestDuplicateClasses
[8mha:////4CZoNmpjoMBwHPeSDwKL7l15SLcfLja0pAd6U0nHaAczAAAAYB+LCAAAAAAAAP9b85aBtbiIQSWjNKU4P0+vIKc0PTOvWC+9KDElJ1XPHUyFJBZn++WXpCqzh62PfDo/h4mBoaKIQQqqJTk/rzgfqNYZQoMUMkAAI0hhAQASWqbMYgAAAA==[0m> Task :app:writeDebugAndroidTestSigningConfigVersions
[8mha:////4CZoNmpjoMBwHPeSDwKL7l15SLcfLja0pAd6U0nHaAczAAAAYB+LCAAAAAAAAP9b85aBtbiIQSWjNKU4P0+vIKc0PTOvWC+9KDElJ1XPHUyFJBZn++WXpCqzh62PfDo/h4mBoaKIQQqqJTk/rzgfqNYZQoMUMkAAI0hhAQASWqbMYgAAAA==[0m> Task :app:mergeDebugNativeDebugMetadata NO-SOURCE
warn: removing resource com.leschnitzky.dailyshiba:string/com_facebook_loginview_logged_in_using_facebook_f1gender without required default value.

[8mha:////4CZoNmpjoMBwHPeSDwKL7l15SLcfLja0pAd6U0nHaAczAAAAYB+LCAAAAAAAAP9b85aBtbiIQSWjNKU4P0+vIKc0PTOvWC+9KDElJ1XPHUyFJBZn++WXpCqzh62PfDo/h4mBoaKIQQqqJTk/rzgfqNYZQoMUMkAAI0hhAQASWqbMYgAAAA==[0m> Task :app:mergeLibDexDebugAndroidTest
[8mha:////4CZoNmpjoMBwHPeSDwKL7l15SLcfLja0pAd6U0nHaAczAAAAYB+LCAAAAAAAAP9b85aBtbiIQSWjNKU4P0+vIKc0PTOvWC+9KDElJ1XPHUyFJBZn++WXpCqzh62PfDo/h4mBoaKIQQqqJTk/rzgfqNYZQoMUMkAAI0hhAQASWqbMYgAAAA==[0m> Task :app:processDebugAndroidTestResources
[8mha:////4CZoNmpjoMBwHPeSDwKL7l15SLcfLja0pAd6U0nHaAczAAAAYB+LCAAAAAAAAP9b85aBtbiIQSWjNKU4P0+vIKc0PTOvWC+9KDElJ1XPHUyFJBZn++WXpCqzh62PfDo/h4mBoaKIQQqqJTk/rzgfqNYZQoMUMkAAI0hhAQASWqbMYgAAAA==[0m> Task :app:mergeDebugAndroidTestNativeLibs
[8mha:////4CZoNmpjoMBwHPeSDwKL7l15SLcfLja0pAd6U0nHaAczAAAAYB+LCAAAAAAAAP9b85aBtbiIQSWjNKU4P0+vIKc0PTOvWC+9KDElJ1XPHUyFJBZn++WXpCqzh62PfDo/h4mBoaKIQQqqJTk/rzgfqNYZQoMUMkAAI0hhAQASWqbMYgAAAA==[0m> Task :app:processDebugResources
[8mha:////4CZoNmpjoMBwHPeSDwKL7l15SLcfLja0pAd6U0nHaAczAAAAYB+LCAAAAAAAAP9b85aBtbiIQSWjNKU4P0+vIKc0PTOvWC+9KDElJ1XPHUyFJBZn++WXpCqzh62PfDo/h4mBoaKIQQqqJTk/rzgfqNYZQoMUMkAAI0hhAQASWqbMYgAAAA==[0m> Task :app:mergeDebugNativeLibs
[8mha:////4CZoNmpjoMBwHPeSDwKL7l15SLcfLja0pAd6U0nHaAczAAAAYB+LCAAAAAAAAP9b85aBtbiIQSWjNKU4P0+vIKc0PTOvWC+9KDElJ1XPHUyFJBZn++WXpCqzh62PfDo/h4mBoaKIQQqqJTk/rzgfqNYZQoMUMkAAI0hhAQASWqbMYgAAAA==[0m> Task :app:mergeExtDexDebugAndroidTest
[8mha:////4CZoNmpjoMBwHPeSDwKL7l15SLcfLja0pAd6U0nHaAczAAAAYB+LCAAAAAAAAP9b85aBtbiIQSWjNKU4P0+vIKc0PTOvWC+9KDElJ1XPHUyFJBZn++WXpCqzh62PfDo/h4mBoaKIQQqqJTk/rzgfqNYZQoMUMkAAI0hhAQASWqbMYgAAAA==[0m> Task :app:mergeExtDexDebug
[8mha:////4CZoNmpjoMBwHPeSDwKL7l15SLcfLja0pAd6U0nHaAczAAAAYB+LCAAAAAAAAP9b85aBtbiIQSWjNKU4P0+vIKc0PTOvWC+9KDElJ1XPHUyFJBZn++WXpCqzh62PfDo/h4mBoaKIQQqqJTk/rzgfqNYZQoMUMkAAI0hhAQASWqbMYgAAAA==[0m> Task :app:kaptGenerateStubsDebugKotlin
[8mha:////4CZoNmpjoMBwHPeSDwKL7l15SLcfLja0pAd6U0nHaAczAAAAYB+LCAAAAAAAAP9b85aBtbiIQSWjNKU4P0+vIKc0PTOvWC+9KDElJ1XPHUyFJBZn++WXpCqzh62PfDo/h4mBoaKIQQqqJTk/rzgfqNYZQoMUMkAAI0hhAQASWqbMYgAAAA==[0m> Task :app:stripDebugDebugSymbols NO-SOURCE

[8mha:////4CZoNmpjoMBwHPeSDwKL7l15SLcfLja0pAd6U0nHaAczAAAAYB+LCAAAAAAAAP9b85aBtbiIQSWjNKU4P0+vIKc0PTOvWC+9KDElJ1XPHUyFJBZn++WXpCqzh62PfDo/h4mBoaKIQQqqJTk/rzgfqNYZQoMUMkAAI0hhAQASWqbMYgAAAA==[0m> Task :app:kaptDebugKotlin
/var/jenkins_home/workspace/CI-CD-DailyShiba/app/build/tmp/kapt3/stubs/debug/com/leschnitzky/dailyshiba/usermanagement/repository/room/LocalUserDatabase.java:8: warning: Schema export directory is not provided to the annotation processor so we cannot export the schema. You can either provide `room.schemaLocation` annotation processor argument OR set exportSchema to false.
public abstract class LocalUserDatabase extends androidx.room.RoomDatabase {
                ^
[8mha:////4CZoNmpjoMBwHPeSDwKL7l15SLcfLja0pAd6U0nHaAczAAAAYB+LCAAAAAAAAP9b85aBtbiIQSWjNKU4P0+vIKc0PTOvWC+9KDElJ1XPHUyFJBZn++WXpCqzh62PfDo/h4mBoaKIQQqqJTk/rzgfqNYZQoMUMkAAI0hhAQASWqbMYgAAAA==[0m> Task :app:compileDebugKotlin
w: /var/jenkins_home/workspace/CI-CD-DailyShiba/app/src/main/java/com/leschnitzky/dailyshiba/usermanagement/repository/RepositoryImpl.kt: (49, 9): Unreachable code
w: /var/jenkins_home/workspace/CI-CD-DailyShiba/app/src/main/java/com/leschnitzky/dailyshiba/usermanagement/repository/firestore/model/UserForFirestore.kt: (33, 38): Unchecked cast: Any? to List<String>
w: /var/jenkins_home/workspace/CI-CD-DailyShiba/app/src/main/java/com/leschnitzky/dailyshiba/usermanagement/repository/firestore/model/UserForFirestore.kt: (34, 39): Unchecked cast: Any? to List<String>
w: /var/jenkins_home/workspace/CI-CD-DailyShiba/app/src/main/java/com/leschnitzky/dailyshiba/usermanagement/repository/retrofit/RetrofitRepositoryImpl.kt: (19, 10): Unnecessary safe call on a non-null receiver of type List<String>
w: /var/jenkins_home/workspace/CI-CD-DailyShiba/app/src/main/java/com/leschnitzky/dailyshiba/usermanagement/repository/retrofit/RetrofitRepositoryImpl.kt: (29, 9): Unreachable code
w: /var/jenkins_home/workspace/CI-CD-DailyShiba/app/src/main/java/com/leschnitzky/dailyshiba/usermanagement/ui/RecyclerViewAdapter.kt: (19, 28): This declaration is experimental and its usage should be marked with '@kotlinx.coroutines.ExperimentalCoroutinesApi' or '@OptIn(kotlinx.coroutines.ExperimentalCoroutinesApi::class)'
w: /var/jenkins_home/workspace/CI-CD-DailyShiba/app/src/main/java/com/leschnitzky/dailyshiba/usermanagement/ui/UserViewModel.kt: (224, 74): Unnecessary non-null assertion (!!) on a non-null receiver of type String
w: /var/jenkins_home/workspace/CI-CD-DailyShiba/app/src/main/java/com/leschnitzky/dailyshiba/usermanagement/ui/UserViewModel.kt: (238, 70): Unnecessary non-null assertion (!!) on a non-null receiver of type String
w: /var/jenkins_home/workspace/CI-CD-DailyShiba/app/src/main/java/com/leschnitzky/dailyshiba/usermanagement/ui/UserViewModel.kt: (266, 74): Unnecessary non-null assertion (!!) on a non-null receiver of type String
w: /var/jenkins_home/workspace/CI-CD-DailyShiba/app/src/main/java/com/leschnitzky/dailyshiba/usermanagement/ui/UserViewModel.kt: (281, 70): Unnecessary non-null assertion (!!) on a non-null receiver of type String
w: /var/jenkins_home/workspace/CI-CD-DailyShiba/app/src/main/java/com/leschnitzky/dailyshiba/usermanagement/ui/UserViewModel.kt: (557, 17): The expression is unused
w: /var/jenkins_home/workspace/CI-CD-DailyShiba/app/src/main/java/com/leschnitzky/dailyshiba/usermanagement/ui/extradetails/PhotoDetailsFragment.kt: (27, 42): 'SimpleTarget<Z : Any!>' is deprecated. Deprecated in Java
w: /var/jenkins_home/workspace/CI-CD-DailyShiba/app/src/main/java/com/leschnitzky/dailyshiba/usermanagement/ui/extradetails/PhotoDetailsFragment.kt: (53, 33): This declaration is experimental and its usage should be marked with '@kotlinx.coroutines.ExperimentalCoroutinesApi' or '@OptIn(kotlinx.coroutines.ExperimentalCoroutinesApi::class)'
w: /var/jenkins_home/workspace/CI-CD-DailyShiba/app/src/main/java/com/leschnitzky/dailyshiba/usermanagement/ui/extradetails/PhotoDetailsFragment.kt: (103, 9): This declaration is experimental and its usage should be marked with '@kotlinx.coroutines.ExperimentalCoroutinesApi' or '@OptIn(kotlinx.coroutines.ExperimentalCoroutinesApi::class)'
w: /var/jenkins_home/workspace/CI-CD-DailyShiba/app/src/main/java/com/leschnitzky/dailyshiba/usermanagement/ui/extradetails/PhotoDetailsFragment.kt: (129, 31): This declaration is experimental and its usage should be marked with '@kotlinx.coroutines.ExperimentalCoroutinesApi' or '@OptIn(kotlinx.coroutines.ExperimentalCoroutinesApi::class)'
w: /var/jenkins_home/workspace/CI-CD-DailyShiba/app/src/main/java/com/leschnitzky/dailyshiba/usermanagement/ui/extradetails/PhotoDetailsFragment.kt: (165, 43): This declaration is experimental and its usage should be marked with '@kotlinx.coroutines.ExperimentalCoroutinesApi' or '@OptIn(kotlinx.coroutines.ExperimentalCoroutinesApi::class)'
w: /var/jenkins_home/workspace/CI-CD-DailyShiba/app/src/main/java/com/leschnitzky/dailyshiba/usermanagement/ui/extradetails/PhotoDetailsFragment.kt: (172, 43): This declaration is experimental and its usage should be marked with '@kotlinx.coroutines.ExperimentalCoroutinesApi' or '@OptIn(kotlinx.coroutines.ExperimentalCoroutinesApi::class)'
w: /var/jenkins_home/workspace/CI-CD-DailyShiba/app/src/main/java/com/leschnitzky/dailyshiba/usermanagement/ui/extradetails/PhotoDetailsFragment.kt: (178, 43): This declaration is experimental and its usage should be marked with '@kotlinx.coroutines.ExperimentalCoroutinesApi' or '@OptIn(kotlinx.coroutines.ExperimentalCoroutinesApi::class)'
w: /var/jenkins_home/workspace/CI-CD-DailyShiba/app/src/main/java/com/leschnitzky/dailyshiba/usermanagement/ui/extradetails/PhotoDetailsFragment.kt: (196, 39): Unnecessary safe call on a non-null receiver of type Array<(out) String!>?
w: /var/jenkins_home/workspace/CI-CD-DailyShiba/app/src/main/java/com/leschnitzky/dailyshiba/usermanagement/ui/extradetails/PhotoDetailsFragment.kt: (196, 50): Unnecessary non-null assertion (!!) on a non-null receiver of type Int
w: /var/jenkins_home/workspace/CI-CD-DailyShiba/app/src/main/java/com/leschnitzky/dailyshiba/usermanagement/ui/extradetails/PhotoDetailsFragment.kt: (197, 40): Unnecessary non-null assertion (!!) on a non-null receiver of type Array<(out) String!>
w: /var/jenkins_home/workspace/CI-CD-DailyShiba/app/src/main/java/com/leschnitzky/dailyshiba/usermanagement/ui/extradetails/PhotoDetailsFragment.kt: (211, 39): Unnecessary safe call on a non-null receiver of type Array<(out) String!>?
w: /var/jenkins_home/workspace/CI-CD-DailyShiba/app/src/main/java/com/leschnitzky/dailyshiba/usermanagement/ui/extradetails/PhotoDetailsFragment.kt: (211, 50): Unnecessary non-null assertion (!!) on a non-null receiver of type Int
w: /var/jenkins_home/workspace/CI-CD-DailyShiba/app/src/main/java/com/leschnitzky/dailyshiba/usermanagement/ui/extradetails/PhotoDetailsFragment.kt: (212, 40): Unnecessary non-null assertion (!!) on a non-null receiver of type Array<(out) String!>
w: /var/jenkins_home/workspace/CI-CD-DailyShiba/app/src/main/java/com/leschnitzky/dailyshiba/usermanagement/ui/extradetails/PhotoDetailsFragment.kt: (239, 51): This declaration is experimental and its usage should be marked with '@kotlinx.coroutines.ExperimentalCoroutinesApi' or '@OptIn(kotlinx.coroutines.ExperimentalCoroutinesApi::class)'
w: /var/jenkins_home/workspace/CI-CD-DailyShiba/app/src/main/java/com/leschnitzky/dailyshiba/usermanagement/ui/extradetails/PhotoDetailsFragment.kt: (246, 90): This declaration is experimental and its usage should be marked with '@kotlinx.coroutines.ExperimentalCoroutinesApi' or '@OptIn(kotlinx.coroutines.ExperimentalCoroutinesApi::class)'
w: /var/jenkins_home/workspace/CI-CD-DailyShiba/app/src/main/java/com/leschnitzky/dailyshiba/usermanagement/ui/extradetails/PhotoDetailsFragment.kt: (247, 51): This declaration is experimental and its usage should be marked with '@kotlinx.coroutines.ExperimentalCoroutinesApi' or '@OptIn(kotlinx.coroutines.ExperimentalCoroutinesApi::class)'
w: /var/jenkins_home/workspace/CI-CD-DailyShiba/app/src/main/java/com/leschnitzky/dailyshiba/usermanagement/ui/extradetails/PhotoDetailsFragment.kt: (250, 55): This declaration is experimental and its usage should be marked with '@kotlinx.coroutines.ExperimentalCoroutinesApi' or '@OptIn(kotlinx.coroutines.ExperimentalCoroutinesApi::class)'
w: /var/jenkins_home/workspace/CI-CD-DailyShiba/app/src/main/java/com/leschnitzky/dailyshiba/usermanagement/ui/extradetails/PhotoDetailsFragment.kt: (276, 35): This declaration is experimental and its usage should be marked with '@kotlinx.coroutines.ExperimentalCoroutinesApi' or '@OptIn(kotlinx.coroutines.ExperimentalCoroutinesApi::class)'
w: /var/jenkins_home/workspace/CI-CD-DailyShiba/app/src/main/java/com/leschnitzky/dailyshiba/usermanagement/ui/extradetails/PhotoDetailsFragment.kt: (284, 35): This declaration is experimental and its usage should be marked with '@kotlinx.coroutines.ExperimentalCoroutinesApi' or '@OptIn(kotlinx.coroutines.ExperimentalCoroutinesApi::class)'
w: /var/jenkins_home/workspace/CI-CD-DailyShiba/app/src/main/java/com/leschnitzky/dailyshiba/usermanagement/ui/extradetails/PhotoDetailsFragment.kt: (290, 35): This declaration is experimental and its usage should be marked with '@kotlinx.coroutines.ExperimentalCoroutinesApi' or '@OptIn(kotlinx.coroutines.ExperimentalCoroutinesApi::class)'
w: /var/jenkins_home/workspace/CI-CD-DailyShiba/app/src/main/java/com/leschnitzky/dailyshiba/usermanagement/ui/extradetails/PhotoDetailsFragment.kt: (311, 40): 'SimpleTarget<Z : Any!>' is deprecated. Deprecated in Java
w: /var/jenkins_home/workspace/CI-CD-DailyShiba/app/src/main/java/com/leschnitzky/dailyshiba/usermanagement/ui/extradetails/PhotoDetailsFragment.kt: (318, 51): 'insertImage(ContentResolver!, Bitmap!, String!, String!): String!' is deprecated. Deprecated in Java
w: /var/jenkins_home/workspace/CI-CD-DailyShiba/app/src/main/java/com/leschnitzky/dailyshiba/usermanagement/ui/extradetails/PhotoDetailsFragment.kt: (326, 35): This declaration is experimental and its usage should be marked with '@kotlinx.coroutines.ExperimentalCoroutinesApi' or '@OptIn(kotlinx.coroutines.ExperimentalCoroutinesApi::class)'
w: /var/jenkins_home/workspace/CI-CD-DailyShiba/app/src/main/java/com/leschnitzky/dailyshiba/usermanagement/ui/extradetails/PhotoDetailsFragment.kt: (361, 36): Unnecessary non-null assertion (!!) on a non-null receiver of type View
w: /var/jenkins_home/workspace/CI-CD-DailyShiba/app/src/main/java/com/leschnitzky/dailyshiba/usermanagement/ui/extradetails/PhotoDetailsFragment.kt: (362, 30): Unnecessary non-null assertion (!!) on a non-null receiver of type View
w: /var/jenkins_home/workspace/CI-CD-DailyShiba/app/src/main/java/com/leschnitzky/dailyshiba/usermanagement/ui/extradetails/PhotoDetailsFragment.kt: (366, 32): Unnecessary non-null assertion (!!) on a non-null receiver of type View
w: /var/jenkins_home/workspace/CI-CD-DailyShiba/app/src/main/java/com/leschnitzky/dailyshiba/usermanagement/ui/favorites/ShibaFavoritesFragment.kt: (37, 25): This declaration is experimental and its usage should be marked with '@kotlinx.coroutines.ExperimentalCoroutinesApi' or '@OptIn(kotlinx.coroutines.ExperimentalCoroutinesApi::class)'
w: /var/jenkins_home/workspace/CI-CD-DailyShiba/app/src/main/java/com/leschnitzky/dailyshiba/usermanagement/ui/favorites/ShibaFavoritesFragment.kt: (61, 31): This declaration is experimental and its usage should be marked with '@kotlinx.coroutines.ExperimentalCoroutinesApi' or '@OptIn(kotlinx.coroutines.ExperimentalCoroutinesApi::class)'
w: /var/jenkins_home/workspace/CI-CD-DailyShiba/app/src/main/java/com/leschnitzky/dailyshiba/usermanagement/ui/favorites/ShibaFavoritesFragment.kt: (69, 31): This declaration is experimental and its usage should be marked with '@kotlinx.coroutines.ExperimentalCoroutinesApi' or '@OptIn(kotlinx.coroutines.ExperimentalCoroutinesApi::class)'
w: /var/jenkins_home/workspace/CI-CD-DailyShiba/app/src/main/java/com/leschnitzky/dailyshiba/usermanagement/ui/favorites/ShibaFavoritesFragment.kt: (98, 31): This declaration is experimental and its usage should be marked with '@kotlinx.coroutines.ExperimentalCoroutinesApi' or '@OptIn(kotlinx.coroutines.ExperimentalCoroutinesApi::class)'
w: /var/jenkins_home/workspace/CI-CD-DailyShiba/app/src/main/java/com/leschnitzky/dailyshiba/usermanagement/ui/favorites/ShibaFavoritesFragment.kt: (117, 53): This declaration is experimental and its usage should be marked with '@kotlinx.coroutines.ExperimentalCoroutinesApi' or '@OptIn(kotlinx.coroutines.ExperimentalCoroutinesApi::class)'
w: /var/jenkins_home/workspace/CI-CD-DailyShiba/app/src/main/java/com/leschnitzky/dailyshiba/usermanagement/ui/login/LoginFragment.kt: (142, 55): Name shadowed: valueAnimator
w: /var/jenkins_home/workspace/CI-CD-DailyShiba/app/src/main/java/com/leschnitzky/dailyshiba/usermanagement/ui/login/LoginFragment.kt: (156, 55): Name shadowed: valueAnimator
w: /var/jenkins_home/workspace/CI-CD-DailyShiba/app/src/main/java/com/leschnitzky/dailyshiba/usermanagement/ui/login/LoginFragment.kt: (353, 15): 'onActivityResult(Int, Int, Intent?): Unit' is deprecated. Deprecated in Java
w: /var/jenkins_home/workspace/CI-CD-DailyShiba/app/src/main/java/com/leschnitzky/dailyshiba/usermanagement/ui/main/ShibaFragment.kt: (91, 27): Unnecessary non-null assertion (!!) on a non-null receiver of type View
w: /var/jenkins_home/workspace/CI-CD-DailyShiba/app/src/main/java/com/leschnitzky/dailyshiba/usermanagement/ui/main/ShibaFragment.kt: (99, 32): Unnecessary non-null assertion (!!) on a non-null receiver of type View
w: /var/jenkins_home/workspace/CI-CD-DailyShiba/app/src/main/java/com/leschnitzky/dailyshiba/usermanagement/ui/main/ShibaFragment.kt: (106, 28): Unnecessary non-null assertion (!!) on a non-null receiver of type View
w: /var/jenkins_home/workspace/CI-CD-DailyShiba/app/src/main/java/com/leschnitzky/dailyshiba/usermanagement/ui/main/ShibaFragment.kt: (116, 44): Unnecessary safe call on a non-null receiver of type LoadAdError
w: /var/jenkins_home/workspace/CI-CD-DailyShiba/app/src/main/java/com/leschnitzky/dailyshiba/usermanagement/ui/profile/ProfileFragment.kt: (40, 33): This declaration is experimental and its usage should be marked with '@kotlinx.coroutines.ExperimentalCoroutinesApi' or '@OptIn(kotlinx.coroutines.ExperimentalCoroutinesApi::class)'
w: /var/jenkins_home/workspace/CI-CD-DailyShiba/app/src/main/java/com/leschnitzky/dailyshiba/usermanagement/ui/profile/ProfileFragment.kt: (69, 51): Parameter 'dialog' is never used, could be renamed to _
w: /var/jenkins_home/workspace/CI-CD-DailyShiba/app/src/main/java/com/leschnitzky/dailyshiba/usermanagement/ui/profile/ProfileFragment.kt: (69, 59): Parameter 'whichButton' is never used, could be renamed to _
w: /var/jenkins_home/workspace/CI-CD-DailyShiba/app/src/main/java/com/leschnitzky/dailyshiba/usermanagement/ui/profile/ProfileFragment.kt: (72, 39): This declaration is experimental and its usage should be marked with '@kotlinx.coroutines.ExperimentalCoroutinesApi' or '@OptIn(kotlinx.coroutines.ExperimentalCoroutinesApi::class)'
w: /var/jenkins_home/workspace/CI-CD-DailyShiba/app/src/main/java/com/leschnitzky/dailyshiba/usermanagement/ui/profile/ProfileFragment.kt: (77, 51): Parameter 'dialog' is never used, could be renamed to _
w: /var/jenkins_home/workspace/CI-CD-DailyShiba/app/src/main/java/com/leschnitzky/dailyshiba/usermanagement/ui/profile/ProfileFragment.kt: (77, 59): Parameter 'whichButton' is never used, could be renamed to _
w: /var/jenkins_home/workspace/CI-CD-DailyShiba/app/src/main/java/com/leschnitzky/dailyshiba/usermanagement/ui/profile/ProfileFragment.kt: (86, 31): This declaration is experimental and its usage should be marked with '@kotlinx.coroutines.ExperimentalCoroutinesApi' or '@OptIn(kotlinx.coroutines.ExperimentalCoroutinesApi::class)'
w: /var/jenkins_home/workspace/CI-CD-DailyShiba/app/src/main/java/com/leschnitzky/dailyshiba/usermanagement/ui/profile/ProfileFragment.kt: (95, 31): This declaration is experimental and its usage should be marked with '@kotlinx.coroutines.ExperimentalCoroutinesApi' or '@OptIn(kotlinx.coroutines.ExperimentalCoroutinesApi::class)'
w: /var/jenkins_home/workspace/CI-CD-DailyShiba/app/src/main/java/com/leschnitzky/dailyshiba/usermanagement/ui/profile/ProfileFragment.kt: (104, 31): This declaration is experimental and its usage should be marked with '@kotlinx.coroutines.ExperimentalCoroutinesApi' or '@OptIn(kotlinx.coroutines.ExperimentalCoroutinesApi::class)'
w: /var/jenkins_home/workspace/CI-CD-DailyShiba/app/src/main/java/com/leschnitzky/dailyshiba/usermanagement/ui/profile/ProfileFragment.kt: (113, 31): This declaration is experimental and its usage should be marked with '@kotlinx.coroutines.ExperimentalCoroutinesApi' or '@OptIn(kotlinx.coroutines.ExperimentalCoroutinesApi::class)'
w: /var/jenkins_home/workspace/CI-CD-DailyShiba/app/src/main/java/com/leschnitzky/dailyshiba/usermanagement/ui/profile/ProfileFragment.kt: (125, 31): This declaration is experimental and its usage should be marked with '@kotlinx.coroutines.ExperimentalCoroutinesApi' or '@OptIn(kotlinx.coroutines.ExperimentalCoroutinesApi::class)'
w: /var/jenkins_home/workspace/CI-CD-DailyShiba/app/src/main/java/com/leschnitzky/dailyshiba/usermanagement/ui/profile/ProfileFragment.kt: (183, 41): Unnecessary safe call on a non-null receiver of type String?
w: /var/jenkins_home/workspace/CI-CD-DailyShiba/app/src/main/java/com/leschnitzky/dailyshiba/usermanagement/ui/profile/ProfileFragment.kt: (213, 27): This declaration is experimental and its usage should be marked with '@kotlinx.coroutines.ExperimentalCoroutinesApi' or '@OptIn(kotlinx.coroutines.ExperimentalCoroutinesApi::class)'
w: /var/jenkins_home/workspace/CI-CD-DailyShiba/app/src/main/java/com/leschnitzky/dailyshiba/usermanagement/ui/profile/ProfileFragment.kt: (229, 37): Unnecessary non-null assertion (!!) on a non-null receiver of type View
w: /var/jenkins_home/workspace/CI-CD-DailyShiba/app/src/main/java/com/leschnitzky/dailyshiba/usermanagement/ui/register/RegisterFragment.kt: (44, 32): This declaration is experimental and its usage should be marked with '@kotlinx.coroutines.ExperimentalCoroutinesApi' or '@OptIn(kotlinx.coroutines.ExperimentalCoroutinesApi::class)'
w: /var/jenkins_home/workspace/CI-CD-DailyShiba/app/src/main/java/com/leschnitzky/dailyshiba/usermanagement/ui/register/RegisterFragment.kt: (92, 31): This declaration is experimental and its usage should be marked with '@kotlinx.coroutines.ExperimentalCoroutinesApi' or '@OptIn(kotlinx.coroutines.ExperimentalCoroutinesApi::class)'
w: /var/jenkins_home/workspace/CI-CD-DailyShiba/app/src/main/java/com/leschnitzky/dailyshiba/usermanagement/ui/register/RegisterFragment.kt: (105, 35): This declaration is experimental and its usage should be marked with '@kotlinx.coroutines.ExperimentalCoroutinesApi' or '@OptIn(kotlinx.coroutines.ExperimentalCoroutinesApi::class)'
w: /var/jenkins_home/workspace/CI-CD-DailyShiba/app/src/main/java/com/leschnitzky/dailyshiba/usermanagement/ui/register/RegisterFragment.kt: (204, 59): Name shadowed: valueAnimator
w: /var/jenkins_home/workspace/CI-CD-DailyShiba/app/src/main/java/com/leschnitzky/dailyshiba/usermanagement/ui/register/RegisterFragment.kt: (219, 59): Name shadowed: valueAnimator
w: /var/jenkins_home/workspace/CI-CD-DailyShiba/app/src/main/java/com/leschnitzky/dailyshiba/usermanagement/ui/register/RegisterFragment.kt: (249, 13): Variable 'linkClick' is never used
w: /var/jenkins_home/workspace/CI-CD-DailyShiba/app/src/main/java/com/leschnitzky/dailyshiba/usermanagement/ui/register/RegisterFragment.kt: (290, 17): Parameter 'dialog' is never used, could be renamed to _
w: /var/jenkins_home/workspace/CI-CD-DailyShiba/app/src/main/java/com/leschnitzky/dailyshiba/usermanagement/ui/register/RegisterFragment.kt: (290, 25): Parameter 'which' is never used, could be renamed to _
w: /var/jenkins_home/workspace/CI-CD-DailyShiba/app/src/main/java/com/leschnitzky/dailyshiba/utils/HelperFunctions.kt: (30, 73): Type mismatch: inferred type is CharSequence? but CharSequence was expected
w: /var/jenkins_home/workspace/CI-CD-DailyShiba/app/src/main/java/com/leschnitzky/dailyshiba/utils/HelperFunctions.kt: (77, 17): 'offer(E): Boolean' is deprecated. Deprecated in the favour of 'trySend' method
w: /var/jenkins_home/workspace/CI-CD-DailyShiba/app/src/main/java/com/leschnitzky/dailyshiba/utils/HelperFunctions.kt: (107, 17): 'offer(E): Boolean' is deprecated. Deprecated in the favour of 'trySend' method
w: /var/jenkins_home/workspace/CI-CD-DailyShiba/app/src/main/java/com/leschnitzky/dailyshiba/utils/HelperFunctions.kt: (137, 51): 'getter for activeNetworkInfo: NetworkInfo?' is deprecated. Deprecated in Java
w: /var/jenkins_home/workspace/CI-CD-DailyShiba/app/src/main/java/com/leschnitzky/dailyshiba/utils/HelperFunctions.kt: (138, 59): 'getter for isConnected: Boolean' is deprecated. Deprecated in Java
w: /var/jenkins_home/workspace/CI-CD-DailyShiba/app/src/main/java/com/leschnitzky/dailyshiba/utils/listeners/GeneralTouchListeners.kt: (19, 47): Unnecessary non-null assertion (!!) on a non-null receiver of type MotionEvent

[8mha:////4CZoNmpjoMBwHPeSDwKL7l15SLcfLja0pAd6U0nHaAczAAAAYB+LCAAAAAAAAP9b85aBtbiIQSWjNKU4P0+vIKc0PTOvWC+9KDElJ1XPHUyFJBZn++WXpCqzh62PfDo/h4mBoaKIQQqqJTk/rzgfqNYZQoMUMkAAI0hhAQASWqbMYgAAAA==[0m> Task :app:compileDebugJavaWithJavac
[8mha:////4CZoNmpjoMBwHPeSDwKL7l15SLcfLja0pAd6U0nHaAczAAAAYB+LCAAAAAAAAP9b85aBtbiIQSWjNKU4P0+vIKc0PTOvWC+9KDElJ1XPHUyFJBZn++WXpCqzh62PfDo/h4mBoaKIQQqqJTk/rzgfqNYZQoMUMkAAI0hhAQASWqbMYgAAAA==[0m> Task :app:compileDebugSources
[8mha:////4CZoNmpjoMBwHPeSDwKL7l15SLcfLja0pAd6U0nHaAczAAAAYB+LCAAAAAAAAP9b85aBtbiIQSWjNKU4P0+vIKc0PTOvWC+9KDElJ1XPHUyFJBZn++WXpCqzh62PfDo/h4mBoaKIQQqqJTk/rzgfqNYZQoMUMkAAI0hhAQASWqbMYgAAAA==[0m> Task :app:jacocoDebug
[8mha:////4CZoNmpjoMBwHPeSDwKL7l15SLcfLja0pAd6U0nHaAczAAAAYB+LCAAAAAAAAP9b85aBtbiIQSWjNKU4P0+vIKc0PTOvWC+9KDElJ1XPHUyFJBZn++WXpCqzh62PfDo/h4mBoaKIQQqqJTk/rzgfqNYZQoMUMkAAI0hhAQASWqbMYgAAAA==[0m> Task :app:transformDebugClassesWithAsm
[8mha:////4CZoNmpjoMBwHPeSDwKL7l15SLcfLja0pAd6U0nHaAczAAAAYB+LCAAAAAAAAP9b85aBtbiIQSWjNKU4P0+vIKc0PTOvWC+9KDElJ1XPHUyFJBZn++WXpCqzh62PfDo/h4mBoaKIQQqqJTk/rzgfqNYZQoMUMkAAI0hhAQASWqbMYgAAAA==[0m> Task :app:bundleDebugClasses
[8mha:////4CZoNmpjoMBwHPeSDwKL7l15SLcfLja0pAd6U0nHaAczAAAAYB+LCAAAAAAAAP9b85aBtbiIQSWjNKU4P0+vIKc0PTOvWC+9KDElJ1XPHUyFJBZn++WXpCqzh62PfDo/h4mBoaKIQQqqJTk/rzgfqNYZQoMUMkAAI0hhAQASWqbMYgAAAA==[0m> Task :app:mergeDebugJavaResource
[8mha:////4CZoNmpjoMBwHPeSDwKL7l15SLcfLja0pAd6U0nHaAczAAAAYB+LCAAAAAAAAP9b85aBtbiIQSWjNKU4P0+vIKc0PTOvWC+9KDElJ1XPHUyFJBZn++WXpCqzh62PfDo/h4mBoaKIQQqqJTk/rzgfqNYZQoMUMkAAI0hhAQASWqbMYgAAAA==[0m> Task :app:dexBuilderDebug
[8mha:////4CZoNmpjoMBwHPeSDwKL7l15SLcfLja0pAd6U0nHaAczAAAAYB+LCAAAAAAAAP9b85aBtbiIQSWjNKU4P0+vIKc0PTOvWC+9KDElJ1XPHUyFJBZn++WXpCqzh62PfDo/h4mBoaKIQQqqJTk/rzgfqNYZQoMUMkAAI0hhAQASWqbMYgAAAA==[0m> Task :app:mergeProjectDexDebug
[8mha:////4CZoNmpjoMBwHPeSDwKL7l15SLcfLja0pAd6U0nHaAczAAAAYB+LCAAAAAAAAP9b85aBtbiIQSWjNKU4P0+vIKc0PTOvWC+9KDElJ1XPHUyFJBZn++WXpCqzh62PfDo/h4mBoaKIQQqqJTk/rzgfqNYZQoMUMkAAI0hhAQASWqbMYgAAAA==[0m> Task :app:kaptGenerateStubsDebugUnitTestKotlin

[8mha:////4CZoNmpjoMBwHPeSDwKL7l15SLcfLja0pAd6U0nHaAczAAAAYB+LCAAAAAAAAP9b85aBtbiIQSWjNKU4P0+vIKc0PTOvWC+9KDElJ1XPHUyFJBZn++WXpCqzh62PfDo/h4mBoaKIQQqqJTk/rzgfqNYZQoMUMkAAI0hhAQASWqbMYgAAAA==[0m> Task :app:kaptDebugUnitTestKotlin
warning: The following options were not recognized by any processor: '[dagger.fastInit, dagger.hilt.android.internal.disableAndroidSuperclassValidation, kapt.kotlin.generated]'
[8mha:////4CZoNmpjoMBwHPeSDwKL7l15SLcfLja0pAd6U0nHaAczAAAAYB+LCAAAAAAAAP9b85aBtbiIQSWjNKU4P0+vIKc0PTOvWC+9KDElJ1XPHUyFJBZn++WXpCqzh62PfDo/h4mBoaKIQQqqJTk/rzgfqNYZQoMUMkAAI0hhAQASWqbMYgAAAA==[0m> Task :app:kaptGenerateStubsDebugAndroidTestKotlin

[8mha:////4CZoNmpjoMBwHPeSDwKL7l15SLcfLja0pAd6U0nHaAczAAAAYB+LCAAAAAAAAP9b85aBtbiIQSWjNKU4P0+vIKc0PTOvWC+9KDElJ1XPHUyFJBZn++WXpCqzh62PfDo/h4mBoaKIQQqqJTk/rzgfqNYZQoMUMkAAI0hhAQASWqbMYgAAAA==[0m> Task :app:compileDebugUnitTestKotlin
w: /var/jenkins_home/workspace/CI-CD-DailyShiba/app/src/test/java/com/leschnitzky/dailyshiba/HelperFunctions.kt: (6, 26): This is a delicate API and its use requires care. Make sure you fully read and understand documentation of the declaration that is marked as a delicate API.
w: /var/jenkins_home/workspace/CI-CD-DailyShiba/app/src/test/java/com/leschnitzky/dailyshiba/di/TestCoroutineContextProvider.kt: (8, 48): This declaration is experimental and its usage should be marked with '@kotlinx.coroutines.ExperimentalCoroutinesApi' or '@OptIn(kotlinx.coroutines.ExperimentalCoroutinesApi::class)'
w: /var/jenkins_home/workspace/CI-CD-DailyShiba/app/src/test/java/com/leschnitzky/dailyshiba/viewmodel/UserViewModelTest.kt: (28, 29): This declaration is experimental and its usage should be marked with '@kotlinx.coroutines.ExperimentalCoroutinesApi' or '@OptIn(kotlinx.coroutines.ExperimentalCoroutinesApi::class)'
w: /var/jenkins_home/workspace/CI-CD-DailyShiba/app/src/test/java/com/leschnitzky/dailyshiba/viewmodel/UserViewModelTest.kt: (31, 33): This declaration is experimental and its usage should be marked with '@kotlinx.coroutines.ExperimentalCoroutinesApi' or '@OptIn(kotlinx.coroutines.ExperimentalCoroutinesApi::class)'
w: /var/jenkins_home/workspace/CI-CD-DailyShiba/app/src/test/java/com/leschnitzky/dailyshiba/viewmodel/UserViewModelTest.kt: (33, 118): This declaration is experimental and its usage should be marked with '@kotlinx.coroutines.ExperimentalCoroutinesApi' or '@OptIn(kotlinx.coroutines.ExperimentalCoroutinesApi::class)'
w: /var/jenkins_home/workspace/CI-CD-DailyShiba/app/src/test/java/com/leschnitzky/dailyshiba/viewmodel/UserViewModelTest.kt: (34, 21): This declaration is experimental and its usage should be marked with '@kotlinx.coroutines.ExperimentalCoroutinesApi' or '@OptIn(kotlinx.coroutines.ExperimentalCoroutinesApi::class)'
w: /var/jenkins_home/workspace/CI-CD-DailyShiba/app/src/test/java/com/leschnitzky/dailyshiba/viewmodel/UserViewModelTest.kt: (34, 58): This declaration is experimental and its usage should be marked with '@kotlinx.coroutines.ExperimentalCoroutinesApi' or '@OptIn(kotlinx.coroutines.ExperimentalCoroutinesApi::class)'

[8mha:////4CZoNmpjoMBwHPeSDwKL7l15SLcfLja0pAd6U0nHaAczAAAAYB+LCAAAAAAAAP9b85aBtbiIQSWjNKU4P0+vIKc0PTOvWC+9KDElJ1XPHUyFJBZn++WXpCqzh62PfDo/h4mBoaKIQQqqJTk/rzgfqNYZQoMUMkAAI0hhAQASWqbMYgAAAA==[0m> Task :app:compileDebugUnitTestJavaWithJavac NO-SOURCE
[8mha:////4CZoNmpjoMBwHPeSDwKL7l15SLcfLja0pAd6U0nHaAczAAAAYB+LCAAAAAAAAP9b85aBtbiIQSWjNKU4P0+vIKc0PTOvWC+9KDElJ1XPHUyFJBZn++WXpCqzh62PfDo/h4mBoaKIQQqqJTk/rzgfqNYZQoMUMkAAI0hhAQASWqbMYgAAAA==[0m> Task :app:transformDebugUnitTestClassesWithAsm

[8mha:////4CZoNmpjoMBwHPeSDwKL7l15SLcfLja0pAd6U0nHaAczAAAAYB+LCAAAAAAAAP9b85aBtbiIQSWjNKU4P0+vIKc0PTOvWC+9KDElJ1XPHUyFJBZn++WXpCqzh62PfDo/h4mBoaKIQQqqJTk/rzgfqNYZQoMUMkAAI0hhAQASWqbMYgAAAA==[0m> Task :app:testDebugUnitTest FAILED
java.lang.NoClassDefFoundError: jdk/internal/reflect/GeneratedSerializationConstructorAccessor1
	at jdk.internal.reflect.GeneratedSerializationConstructorAccessor1.newInstance(Unknown Source)
	at java.base/java.lang.reflect.Constructor.newInstance(Constructor.java:490)
	at java.base/java.io.ObjectStreamClass.newInstance(ObjectStreamClass.java:1092)
	at java.base/java.io.ObjectInputStream.readOrdinaryObject(ObjectInputStream.java:2180)
	at java.base/java.io.ObjectInputStream.readObject0(ObjectInputStream.java:1679)
	at java.base/java.io.ObjectInputStream.readObject(ObjectInputStream.java:493)
	at java.base/java.io.ObjectInputStream.readObject(ObjectInputStream.java:451)
	at org.gradle.process.internal.worker.child.SystemApplicationClassLoaderWorker.deserializeWorker(SystemApplicationClassLoaderWorker.java:153)
	at org.gradle.process.internal.worker.child.SystemApplicationClassLoaderWorker.call(SystemApplicationClassLoaderWorker.java:121)
	at org.gradle.process.internal.worker.child.SystemApplicationClassLoaderWorker.call(SystemApplicationClassLoaderWorker.java:71)
	at worker.org.gradle.process.internal.worker.GradleWorkerMain.run(GradleWorkerMain.java:69)
	at worker.org.gradle.process.internal.worker.GradleWorkerMain.main(GradleWorkerMain.java:74)
Caused by: java.lang.ClassNotFoundException: jdk.internal.reflect.GeneratedSerializationConstructorAccessor1
	at java.base/java.net.URLClassLoader.findClass(URLClassLoader.java:471)
	at java.base/java.lang.ClassLoader.loadClass(ClassLoader.java:589)
	at java.base/java.lang.ClassLoader.loadClass(ClassLoader.java:522)
	... 12 more

[8mha:////4CZoNmpjoMBwHPeSDwKL7l15SLcfLja0pAd6U0nHaAczAAAAYB+LCAAAAAAAAP9b85aBtbiIQSWjNKU4P0+vIKc0PTOvWC+9KDElJ1XPHUyFJBZn++WXpCqzh62PfDo/h4mBoaKIQQqqJTk/rzgfqNYZQoMUMkAAI0hhAQASWqbMYgAAAA==[0m> Task :app:packageDebug

FAILURE: Build failed with an exception.

* What went wrong:
Execution failed for task ':app:testDebugUnitTest'.
> Process 'Gradle Test Executor 1' finished with non-zero exit value 1

* Try:
Run with --stacktrace option to get the stack trace. Run with --info or --debug option to get more log output. Run with --scan to get full insights.

* Get more help at https://help.gradle.org

[8mha:////4DHh0G8Nsaq6PA1AprQ8IFzmOaOhomGIeHvHAHKit6nVAAAAYx+LCAAAAAAAAP9b85aBtbiIQT2jNKU4P0+vIKc0PTOvWC+9KDElJ1XPHUz5l5Yk5+em+uWXpNbNmqZ4mHPZIiYGhooiBimoruT8vOJ8oHJnCA1SyAABjCCFBQBI197DZQAAAA==[0mBUILD FAILED in 38s
63 actionable tasks: 63 executed
Build step 'Invoke Gradle script' changed build result to FAILURE
Build step 'Invoke Gradle script' marked build as failure
[android] Stopping Android emulator
emulator: feeding guest with passive gps data, in headless mode
emulator: WARNING: Requested adb port (5757) is outside the recommended range [5555,5586]. ADB may not function properly for the emulator. See -help-port for details.
emulator: Saving state on exit with session uptime 40265 ms
[android] Archiving emulator log
$ /opt/android-sdk-linux/platform-tools/adb kill-server
Archiving artifacts
[htmlpublisher] Archiving HTML reports...
[htmlpublisher] Archiving at PROJECT level /var/jenkins_home/workspace/CI-CD-DailyShiba/app/build/reports/jacoco/testDebugUnitTestCoverage/html to /var/jenkins_home/jobs/CI-CD-DailyShiba/htmlreports/Debug_20Unit_20Test_20Coverage_20Report
ERROR: Specified HTML directory '/var/jenkins_home/workspace/CI-CD-DailyShiba/app/build/reports/jacoco/testDebugUnitTestCoverage/html' does not exist.
Sending e-mails to: leschinskysergey@gmail.com
Finished: FAILURE
